python : Traceback (most recent 
call last):
En línea: 1 Carácter: 1
+ python test_login_debug.py *> 
test_output.txt
+ ~~~~~~~~~~~~~~~~~~~~~~~~~~~~~~~~
~~~~~~~~~~~~~
    + CategoryInfo          : Not 
   Specified: (Traceback (most r  
  ecent call last)::String) [],   
  RemoteException
    + FullyQualifiedErrorId : Nat 
   iveCommandError
 
  File "C:\Users\mairi\OneDrive\Es
critorio\myProyect\CTech\test_logi
n_debug.py", line 8, in <module>
    from app.core.database import 
SessionLocal
  File "C:\Users\mairi\OneDrive\Es
critorio\myProyect\CTech\backend\a
pp\core\database.py", line 5, in 
<module>
    settings = get_settings()
  File "C:\Users\mairi\OneDrive\Es
critorio\myProyect\CTech\backend\a
pp\core\config.py", line 34, in 
get_settings
    return Settings()
  File "C:\Users\mairi\AppData\Loc
al\Programs\Python\Python313\Lib\s
ite-packages\pydantic_settings\mai
n.py", line 188, in __init__
    super().__init__(
    ~~~~~~~~~~~~~~~~^
        **__pydantic_self__._setti
ngs_build_values(
        ^^^^^^^^^^^^^^^^^^^^^^^^^^
^^^^^^^^^^^^^^^^^
    ...<27 lines>...
        )
        ^
    )
    ^
  File "C:\Users\mairi\AppData\Loc
al\Programs\Python\Python313\Lib\s
ite-packages\pydantic\main.py", 
line 253, in __init__
    validated_self = self.__pydant
ic_validator__.validate_python(dat
a, self_instance=self)
pydantic_core._pydantic_core.Valid
ationError: 10 validation errors 
for Settings
DB_USER
  Field required [type=missing, 
input_value={}, input_type=dict]
    For further information visit 
https://errors.pydantic.dev/2.11/v
/missing
DB_PASSWORD
  Field required [type=missing, 
input_value={}, input_type=dict]
    For further information visit 
https://errors.pydantic.dev/2.11/v
/missing
DB_HOST
  Field required [type=missing, 
input_value={}, input_type=dict]
    For further information visit 
https://errors.pydantic.dev/2.11/v
/missing
DB_PORT
  Field required [type=missing, 
input_value={}, input_type=dict]
    For further information visit 
https://errors.pydantic.dev/2.11/v
/missing
DB_NAME
  Field required [type=missing, 
input_value={}, input_type=dict]
    For further information visit 
https://errors.pydantic.dev/2.11/v
/missing
ADMIN_EMAIL
  Field required [type=missing, 
input_value={}, input_type=dict]
    For further information visit 
https://errors.pydantic.dev/2.11/v
/missing
ADMIN_PASSWORD
  Field required [type=missing, 
input_value={}, input_type=dict]
    For further information visit 
https://errors.pydantic.dev/2.11/v
/missing
CLOUDINARY_CLOUD_NAME
  Field required [type=missing, 
input_value={}, input_type=dict]
    For further information visit 
https://errors.pydantic.dev/2.11/v
/missing
CLOUDINARY_API_KEY
  Field required [type=missing, 
input_value={}, input_type=dict]
    For further information visit 
https://errors.pydantic.dev/2.11/v
/missing
CLOUDINARY_API_SECRET
  Field required [type=missing, 
input_value={}, input_type=dict]
    For further information visit 
https://errors.pydantic.dev/2.11/v
/missing
